// Jest Snapshot v1, https://goo.gl/fbAQLP

exports[`WelcomeScreen.tsx snapshot test 1`] = `
<div
  className="css-1q2lbmy"
>
  <div
    className="MuiPaper-root MuiPaper-elevation MuiPaper-rounded MuiPaper-elevation24 css-1oyklf4-MuiPaper-root"
  >
    <h5
      className="MuiTypography-root MuiTypography-h5 MuiTypography-alignCenter css-ph2xsj-MuiTypography-root"
    >
      Welcome to Restuarant Booking System
    </h5>
    <h6
      className="MuiTypography-root MuiTypography-subtitle1 MuiTypography-alignCenter css-16clf7q-MuiTypography-root"
    >
      Please enter a restaurant name to begin
    </h6>
    <form
      className="css-6batyf"
      onSubmit={[Function]}
    >
      <div
        className="MuiFormControl-root MuiTextField-root css-1u3bzj6-MuiFormControl-root-MuiTextField-root"
        data-testid="restaurant-name-input-test"
      >
        <label
          className="MuiFormLabel-root MuiInputLabel-root MuiInputLabel-formControl MuiInputLabel-animated MuiInputLabel-shrink MuiInputLabel-outlined MuiFormLabel-colorPrimary MuiFormLabel-filled Mui-required MuiInputLabel-root MuiInputLabel-formControl MuiInputLabel-animated MuiInputLabel-shrink MuiInputLabel-outlined css-1jy569b-MuiFormLabel-root-MuiInputLabel-root"
          data-shrink={true}
          htmlFor="restaurant-name-field"
          id="restaurant-name-field-label"
        >
          Required
          <span
            aria-hidden={true}
            className="MuiFormLabel-asterisk MuiInputLabel-asterisk css-wgai2y-MuiFormLabel-asterisk"
          >
             
            *
          </span>
        </label>
        <div
          className="MuiInputBase-root MuiOutlinedInput-root MuiInputBase-colorPrimary MuiInputBase-formControl css-9ddj71-MuiInputBase-root-MuiOutlinedInput-root"
          onClick={[Function]}
        >
          <input
            aria-invalid={false}
            autoFocus={false}
            className="MuiInputBase-input MuiOutlinedInput-input css-1t8l2tu-MuiInputBase-input-MuiOutlinedInput-input"
            defaultValue="Nandos Shoreditch"
            disabled={false}
            id="restaurant-name-field"
            onAnimationStart={[Function]}
            onBlur={[Function]}
            onChange={[Function]}
            onFocus={[Function]}
            required={true}
            type="text"
          />
          <fieldset
            aria-hidden={true}
            className="MuiOutlinedInput-notchedOutline css-1d3z3hw-MuiOutlinedInput-notchedOutline"
          >
            <legend
              className="css-14lo706"
            >
              <span>
                Required
                 
                *
              </span>
            </legend>
          </fieldset>
        </div>
      </div>
      <button
        aria-label="CheckCircleIcon"
        className="MuiButtonBase-root MuiIconButton-root MuiIconButton-sizeMedium css-78trlr-MuiButtonBase-root-MuiIconButton-root"
        data-testid="welcome-screen-submit"
        disabled={false}
        onBlur={[Function]}
        onContextMenu={[Function]}
        onDragLeave={[Function]}
        onFocus={[Function]}
        onKeyDown={[Function]}
        onKeyUp={[Function]}
        onMouseDown={[Function]}
        onMouseLeave={[Function]}
        onMouseUp={[Function]}
        onTouchEnd={[Function]}
        onTouchMove={[Function]}
        onTouchStart={[Function]}
        tabIndex={0}
        type="submit"
      >
        <svg
          aria-hidden={true}
          className="MuiSvgIcon-root MuiSvgIcon-colorSecondary MuiSvgIcon-fontSizeLarge css-1nryff-MuiSvgIcon-root"
          data-testid="CheckCircleIcon"
          focusable="false"
          viewBox="0 0 24 24"
        >
          <path
            d="M12 2C6.48 2 2 6.48 2 12s4.48 10 10 10 10-4.48 10-10S17.52 2 12 2zm-2 15-5-5 1.41-1.41L10 14.17l7.59-7.59L19 8l-9 9z"
          />
        </svg>
      </button>
    </form>
  </div>
</div>
`;
